// Vitest Snapshot v1, https://vitest.dev/guide/snapshot.html

exports[`test > true 1`] = `
"
<main-app><!-- #shadowroot -->
  <h1>Hello There from MainApp!! State Value</h1>
  <test-ono><!-- #shadowroot -->
    <div>
      <div>kjfhksfdh</div>
      <h1>Nested Component!! State Value</h1>
    </div>
  </test-ono>
</main-app>
"
`;
